<html>
<body>
<pre>
<h1>礦ision Build Log</h1>
<h2>Tool Versions:</h2>
IDE-Version: μVision V5.33.0.0
Copyright (C) 2020 ARM Ltd and ARM Germany GmbH. All rights reserved.
License Information: 1 2, 1, LIC=NQQNN-YTD2X-123LE-5V4GB-3MT38-GB9F7
 
Tool Versions:
Toolchain:       MDK-ARM Plus  Version: 5.33.0.0
Toolchain Path:  D:\Keil\Keil\ARM\ARMCLANG\Bin
C Compiler:      ArmClang.exe V6.15
Assembler:       Armasm.exe V6.15
Linker/Locator:  ArmLink.exe V6.15
Library Manager: ArmAr.exe V6.15
Hex Converter:   FromElf.exe V6.15
CPU DLL:         SARMCM3.DLL V5.33.0.0
Dialog DLL:      DCM.DLL V1.17.3.0
Target DLL:      UL2CM3.DLL V1.163.9.0
Dialog DLL:      TCM.DLL V1.48.0.0
 
<h2>Project:</h2>
E:\qrs-dask\嵌入式1组+210723381+魏现如(NO.1)\task3\templete\project\sample_3.uvprojx
Project File Date:  09/06/2021

<h2>Output:</h2>
  
Warning: *** SUPPORT EXPIRED, NEW PRODUCT SERIAL NUMBER REQUIRED ***
         *** Running with Code Size Limit: 32K                   ***
*** Using Compiler 'V6.15', folder: 'D:\Keil\Keil\ARM\ARMCLANG\Bin'
Build target 'Target 1'
../user/main.c(37): warning: In file included from...
../user/main.h(50): warning: In file included from...
../lib/Inc\stm32f4xx_ll_adc.h(3982): warning: implicit conversion loses integer precision: 'uint16_t' (aka 'unsigned short') to 'uint8_t' (aka 'unsigned char') [-Wimplicit-int-conversion]
  return (uint16_t)(READ_BIT(ADCx->DR, ADC_DR_DATA));
  ~~~~~~ ^~~~~~~~~~~~~~~~~~~~~~~~~~~~~~~~~~~~~~~~~~~
../lib/Inc\stm32f4xx_ll_adc.h(3997): warning: implicit conversion loses integer precision: 'uint16_t' (aka 'unsigned short') to 'uint8_t' (aka 'unsigned char') [-Wimplicit-int-conversion]
  return (uint16_t)(READ_BIT(ADCx->DR, ADC_DR_DATA));
  ~~~~~~ ^~~~~~~~~~~~~~~~~~~~~~~~~~~~~~~~~~~~~~~~~~~
../lib/Inc\stm32f4xx_ll_adc.h(4359): warning: unused parameter 'ADCxy_COMMON' [-Wunused-parameter]
__STATIC_INLINE uint32_t LL_ADC_IsActiveFlag_MST_EOCS(ADC_Common_TypeDef *ADCxy_COMMON)
                                                                          ^
../user/main.c(37): warning: In file included from...
../user/main.h(58): warning: In file included from...
../lib/Inc\stm32f4xx_ll_rtc.h(110): warning: padding size of 'LL_RTC_TimeTypeDef' with 1 byte to alignment boundary [-Wpadded]
typedef struct
        ^
../lib/Inc\stm32f4xx_ll_rtc.h(2130): warning: unused parameter 'RTCx' [-Wunused-parameter]
__STATIC_INLINE void LL_RTC_ALMB_SetDay(RTC_TypeDef *RTCx, uint32_t Day)
                                                     ^
../user/main.c(116): warning: empty expression statement has no effect; remove unnecessary ';' to silence this warning [-Wextra-semi-stmt]
  };
   ^
../user/main.c(126): warning: empty expression statement has no effect; remove unnecessary ';' to silence this warning [-Wextra-semi-stmt]
  };
   ^
../user/main.c(133): warning: empty expression statement has no effect; remove unnecessary ';' to silence this warning [-Wextra-semi-stmt]
  };
   ^
8 warnings generated.
compiling main.c...
linking...
Program Size: Code=1348 RO-data=424 RW-data=4 ZI-data=1636  
".\Objects\sample_3.axf" - 0 Error(s), 9 Warning(s).

<h2>Software Packages used:</h2>

Package Vendor: ARM
                http://www.keil.com/pack/ARM.CMSIS.5.7.0.pack
                ARM.CMSIS.5.7.0
                CMSIS (Cortex Microcontroller Software Interface Standard)
   * Component: CORE Version: 5.4.0

Package Vendor: Keil
                http://www.keil.com/pack/Keil.STM32F4xx_DFP.2.13.0.pack
                Keil.STM32F4xx_DFP.2.13.0
                STMicroelectronics STM32F4 Series Device Support, Drivers and Examples

<h2>Collection of Component include folders:</h2>
  .\RTE\_Target_1
  D:\Keil\Keil\ARM\CMSIS\5.7.0\CMSIS\Core\Include
  D:\Keil\Keil\Keil\STM32F4xx_DFP\2.13.0\Drivers\CMSIS\Device\ST\STM32F4xx\Include

<h2>Collection of Component Files used:</h2>

   * Component: ARM::CMSIS:CORE:5.4.0
Build Time Elapsed:  00:00:02
</pre>
</body>
</html>
